// Jest Snapshot v1, https://goo.gl/fbAQLP

exports[`<ModalAddDirectors /> should render the Modal 1`] = `
.c0 .c1 {
  margin-bottom: 3.2rem;
}

@media (min-width:768px) {

}

<div
  aria-hidden="false"
  class="c0"
/>
`;
