// Jest Snapshot v1, https://goo.gl/fbAQLP

exports[`<Button /> should render the button with large size 1`] = `
.c0 {
  display: -webkit-box;
  display: -webkit-flex;
  display: -ms-flexbox;
  display: flex;
  -webkit-flex-direction: row;
  -ms-flex-direction: row;
  flex-direction: row;
  -webkit-align-items: center;
  -webkit-box-align: center;
  -ms-flex-align: center;
  align-items: center;
  font-weight: 600;
  font-size: 1.6rem;
  border-radius: 0.8rem;
  border: 0;
  outline: 0;
  background: #04d361;
  color: #FAFAFA;
  cursor: pointer;
  -webkit-transition: background 0.3s;
  transition: background 0.3s;
}

.c0:hover {
  background: #03a14a;
}

.c0 div {
  display: -webkit-box;
  display: -webkit-flex;
  display: -ms-flexbox;
  display: flex;
  padding: 1.6rem;
  background: #04d361;
  border-radius: 0 0.8rem 0.8rem 0;
  margin: 0 auto;
  -webkit-transition: background 0.3s;
  transition: background 0.3s;
}

.c0 p {
  padding: 1.6rem 2.4rem;
}

<button
  class="c0"
  color="white"
>
  <p>
    Movies
  </p>
</button>
`;
