// Jest Snapshot v1, https://goo.gl/fbAQLP

exports[`<ModalDeleteMovie /> should render the Modal correctly 1`] = `null`;
